src/app/api/chat/route.ts(77,9): error TS2353: Object literal may only specify known properties, and 'parameters' does not exist in type '({ description?: string | undefined; title?: string | undefined; providerOptions?: SharedV3ProviderOptions | undefined; inputSchema: FlexibleSchema<any>; ... 5 more ...; onInputAvailable?: ((options: { ...; } & ToolExecutionOptions) => void | PromiseLike<...>) | undefined; } & Partial<...> & { ...; } & { ...; } & Pi...'.
src/app/api/chat/route.ts(108,9): error TS2353: Object literal may only specify known properties, and 'parameters' does not exist in type '({ description?: string | undefined; title?: string | undefined; providerOptions?: SharedV3ProviderOptions | undefined; inputSchema: FlexibleSchema<any>; ... 5 more ...; onInputAvailable?: ((options: { ...; } & ToolExecutionOptions) => void | PromiseLike<...>) | undefined; } & Partial<...> & { ...; } & { ...; } & Pi...'.
src/app/api/chat/route.ts(127,9): error TS2353: Object literal may only specify known properties, and 'parameters' does not exist in type '({ description?: string | undefined; title?: string | undefined; providerOptions?: SharedV3ProviderOptions | undefined; inputSchema: FlexibleSchema<any>; ... 5 more ...; onInputAvailable?: ((options: { ...; } & ToolExecutionOptions) => void | PromiseLike<...>) | undefined; } & Partial<...> & { ...; } & { ...; } & Pi...'.
src/app/api/chat/route.ts(147,17): error TS2551: Property 'toDataStreamResponse' does not exist on type 'StreamTextResult<ToolSet, Output<string, string, never>>'. Did you mean 'toTextStreamResponse'?
